Archive member included to satisfy reference by file (symbol)

/home/phu_cuong/st/stm32cubeide_1.4.0/plugins/com.st.stm32cube.ide.mcu.externaltools.gnu-tools-for-stm32.7-2018-q2-update.linux64_1.4.0.202007081208/tools/bin/../lib/gcc/arm-none-eabi/7.3.1/../../../../arm-none-eabi/lib/thumb/v7-m/libc_nano.a(lib_a-errno.o)
                              Core/Src/syscalls.o (__errno)
/home/phu_cuong/st/stm32cubeide_1.4.0/plugins/com.st.stm32cube.ide.mcu.externaltools.gnu-tools-for-stm32.7-2018-q2-update.linux64_1.4.0.202007081208/tools/bin/../lib/gcc/arm-none-eabi/7.3.1/../../../../arm-none-eabi/lib/thumb/v7-m/libc_nano.a(lib_a-exit.o)
                              /home/phu_cuong/st/stm32cubeide_1.4.0/plugins/com.st.stm32cube.ide.mcu.externaltools.gnu-tools-for-stm32.7-2018-q2-update.linux64_1.4.0.202007081208/tools/bin/../lib/gcc/arm-none-eabi/7.3.1/../../../../arm-none-eabi/lib/thumb/v7-m/crt0.o (exit)
/home/phu_cuong/st/stm32cubeide_1.4.0/plugins/com.st.stm32cube.ide.mcu.externaltools.gnu-tools-for-stm32.7-2018-q2-update.linux64_1.4.0.202007081208/tools/bin/../lib/gcc/arm-none-eabi/7.3.1/../../../../arm-none-eabi/lib/thumb/v7-m/libc_nano.a(lib_a-impure.o)
                              /home/phu_cuong/st/stm32cubeide_1.4.0/plugins/com.st.stm32cube.ide.mcu.externaltools.gnu-tools-for-stm32.7-2018-q2-update.linux64_1.4.0.202007081208/tools/bin/../lib/gcc/arm-none-eabi/7.3.1/../../../../arm-none-eabi/lib/thumb/v7-m/libc_nano.a(lib_a-exit.o) (_global_impure_ptr)
/home/phu_cuong/st/stm32cubeide_1.4.0/plugins/com.st.stm32cube.ide.mcu.externaltools.gnu-tools-for-stm32.7-2018-q2-update.linux64_1.4.0.202007081208/tools/bin/../lib/gcc/arm-none-eabi/7.3.1/../../../../arm-none-eabi/lib/thumb/v7-m/libc_nano.a(lib_a-init.o)
                              /home/phu_cuong/st/stm32cubeide_1.4.0/plugins/com.st.stm32cube.ide.mcu.externaltools.gnu-tools-for-stm32.7-2018-q2-update.linux64_1.4.0.202007081208/tools/bin/../lib/gcc/arm-none-eabi/7.3.1/../../../../arm-none-eabi/lib/thumb/v7-m/crt0.o (__libc_init_array)
/home/phu_cuong/st/stm32cubeide_1.4.0/plugins/com.st.stm32cube.ide.mcu.externaltools.gnu-tools-for-stm32.7-2018-q2-update.linux64_1.4.0.202007081208/tools/bin/../lib/gcc/arm-none-eabi/7.3.1/../../../../arm-none-eabi/lib/thumb/v7-m/libc_nano.a(lib_a-memset.o)
                              /home/phu_cuong/st/stm32cubeide_1.4.0/plugins/com.st.stm32cube.ide.mcu.externaltools.gnu-tools-for-stm32.7-2018-q2-update.linux64_1.4.0.202007081208/tools/bin/../lib/gcc/arm-none-eabi/7.3.1/../../../../arm-none-eabi/lib/thumb/v7-m/crt0.o (memset)

Allocating common symbols
Common symbol       size              file

uwTick              0x4               Drivers/STM32F1xx_HAL_Driver/Src/stm32f1xx_hal.o
pFlash              0x20              Drivers/STM32F1xx_HAL_Driver/Src/stm32f1xx_hal_flash.o

Discarded input sections

 .text          0x0000000000000000        0x0 /home/phu_cuong/st/stm32cubeide_1.4.0/plugins/com.st.stm32cube.ide.mcu.externaltools.gnu-tools-for-stm32.7-2018-q2-update.linux64_1.4.0.202007081208/tools/bin/../lib/gcc/arm-none-eabi/7.3.1/thumb/v7-m/crti.o
 .data          0x0000000000000000        0x0 /home/phu_cuong/st/stm32cubeide_1.4.0/plugins/com.st.stm32cube.ide.mcu.externaltools.gnu-tools-for-stm32.7-2018-q2-update.linux64_1.4.0.202007081208/tools/bin/../lib/gcc/arm-none-eabi/7.3.1/thumb/v7-m/crti.o
 .bss           0x0000000000000000        0x0 /home/phu_cuong/st/stm32cubeide_1.4.0/plugins/com.st.stm32cube.ide.mcu.externaltools.gnu-tools-for-stm32.7-2018-q2-update.linux64_1.4.0.202007081208/tools/bin/../lib/gcc/arm-none-eabi/7.3.1/thumb/v7-m/crti.o
 .data          0x0000000000000000        0x4 /home/phu_cuong/st/stm32cubeide_1.4.0/plugins/com.st.stm32cube.ide.mcu.externaltools.gnu-tools-for-stm32.7-2018-q2-update.linux64_1.4.0.202007081208/tools/bin/../lib/gcc/arm-none-eabi/7.3.1/thumb/v7-m/crtbegin.o
 .text          0x0000000000000000       0x74 /home/phu_cuong/st/stm32cubeide_1.4.0/plugins/com.st.stm32cube.ide.mcu.externaltools.gnu-tools-for-stm32.7-2018-q2-update.linux64_1.4.0.202007081208/tools/bin/../lib/gcc/arm-none-eabi/7.3.1/../../../../arm-none-eabi/lib/thumb/v7-m/crt0.o
 .data          0x0000000000000000        0x0 /home/phu_cuong/st/stm32cubeide_1.4.0/plugins/com.st.stm32cube.ide.mcu.externaltools.gnu-tools-for-stm32.7-2018-q2-update.linux64_1.4.0.202007081208/tools/bin/../lib/gcc/arm-none-eabi/7.3.1/../../../../arm-none-eabi/lib/thumb/v7-m/crt0.o
 .bss           0x0000000000000000        0x0 /home/phu_cuong/st/stm32cubeide_1.4.0/plugins/com.st.stm32cube.ide.mcu.externaltools.gnu-tools-for-stm32.7-2018-q2-update.linux64_1.4.0.202007081208/tools/bin/../lib/gcc/arm-none-eabi/7.3.1/../../../../arm-none-eabi/lib/thumb/v7-m/crt0.o
 .ARM.extab     0x0000000000000000        0x0 /home/phu_cuong/st/stm32cubeide_1.4.0/plugins/com.st.stm32cube.ide.mcu.externaltools.gnu-tools-for-stm32.7-2018-q2-update.linux64_1.4.0.202007081208/tools/bin/../lib/gcc/arm-none-eabi/7.3.1/../../../../arm-none-eabi/lib/thumb/v7-m/crt0.o
[...]
Memory Configuration

Name             Origin             Length             Attributes
RAM              0x0000000020000000 0x0000000000005000 xrw
FLASH            0x0000000008000000 0x0000000000010000 xr
*default*        0x0000000000000000 0xffffffffffffffff

Linker script and memory map

LOAD /home/phu_cuong/st/stm32cubeide_1.4.0/plugins/com.st.stm32cube.ide.mcu.externaltools.gnu-tools-for-stm32.7-2018-q2-update.linux64_1.4.0.202007081208/tools/bin/../lib/gcc/arm-none-eabi/7.3.1/thumb/v7-m/crti.o
LOAD /home/phu_cuong/st/stm32cubeide_1.4.0/plugins/com.st.stm32cube.ide.mcu.externaltools.gnu-tools-for-stm32.7-2018-q2-update.linux64_1.4.0.202007081208/tools/bin/../lib/gcc/arm-none-eabi/7.3.1/thumb/v7-m/crtbegin.o
LOAD /home/phu_cuong/st/stm32cubeide_1.4.0/plugins/com.st.stm32cube.ide.mcu.externaltools.gnu-tools-for-stm32.7-2018-q2-update.linux64_1.4.0.202007081208/tools/bin/../lib/gcc/arm-none-eabi/7.3.1/../../../../arm-none-eabi/lib/thumb/v7-m/crt0.o
LOAD Core/Src/main.o
LOAD Core/Src/stm32f1xx_hal_msp.o
LOAD Core/Src/stm32f1xx_it.o
LOAD Core/Src/syscalls.o
LOAD Core/Src/sysmem.o
LOAD Core/Src/system_stm32f1xx.o
LOAD Core/Startup/startup_stm32f103c8tx.o
LOAD Drivers/STM32F1xx_HAL_Driver/Src/stm32f1xx_hal.o
LOAD Drivers/STM32F1xx_HAL_Driver/Src/stm32f1xx_hal_cortex.o
LOAD Drivers/STM32F1xx_HAL_Driver/Src/stm32f1xx_hal_dma.o
LOAD Drivers/STM32F1xx_HAL_Driver/Src/stm32f1xx_hal_exti.o
LOAD Drivers/STM32F1xx_HAL_Driver/Src/stm32f1xx_hal_flash.o
LOAD Drivers/STM32F1xx_HAL_Driver/Src/stm32f1xx_hal_flash_ex.o
LOAD Drivers/STM32F1xx_HAL_Driver/Src/stm32f1xx_hal_gpio.o
LOAD Drivers/STM32F1xx_HAL_Driver/Src/stm32f1xx_hal_gpio_ex.o
LOAD Drivers/STM32F1xx_HAL_Driver/Src/stm32f1xx_hal_pwr.o
LOAD Drivers/STM32F1xx_HAL_Driver/Src/stm32f1xx_hal_rcc.o
LOAD Drivers/STM32F1xx_HAL_Driver/Src/stm32f1xx_hal_rcc_ex.o
LOAD Drivers/STM32F1xx_HAL_Driver/Src/stm32f1xx_hal_tim.o
LOAD Drivers/STM32F1xx_HAL_Driver/Src/stm32f1xx_hal_tim_ex.o
START GROUP
LOAD /home/phu_cuong/st/stm32cubeide_1.4.0/plugins/com.st.stm32cube.ide.mcu.externaltools.gnu-tools-for-stm32.7-2018-q2-update.linux64_1.4.0.202007081208/tools/bin/../lib/gcc/arm-none-eabi/7.3.1/../../../../arm-none-eabi/lib/thumb/v7-m/libc_nano.a
LOAD /home/phu_cuong/st/stm32cubeide_1.4.0/plugins/com.st.stm32cube.ide.mcu.externaltools.gnu-tools-for-stm32.7-2018-q2-update.linux64_1.4.0.202007081208/tools/bin/../lib/gcc/arm-none-eabi/7.3.1/../../../../arm-none-eabi/lib/thumb/v7-m/libm.a
END GROUP
START GROUP
LOAD /home/phu_cuong/st/stm32cubeide_1.4.0/plugins/com.st.stm32cube.ide.mcu.externaltools.gnu-tools-for-stm32.7-2018-q2-update.linux64_1.4.0.202007081208/tools/bin/../lib/gcc/arm-none-eabi/7.3.1/thumb/v7-m/libgcc.a
LOAD /home/phu_cuong/st/stm32cubeide_1.4.0/plugins/com.st.stm32cube.ide.mcu.externaltools.gnu-tools-for-stm32.7-2018-q2-update.linux64_1.4.0.202007081208/tools/bin/../lib/gcc/arm-none-eabi/7.3.1/../../../../arm-none-eabi/lib/thumb/v7-m/libc_nano.a
END GROUP
START GROUP
LOAD /home/phu_cuong/st/stm32cubeide_1.4.0/plugins/com.st.stm32cube.ide.mcu.externaltools.gnu-tools-for-stm32.7-2018-q2-update.linux64_1.4.0.202007081208/tools/bin/../lib/gcc/arm-none-eabi/7.3.1/thumb/v7-m/libgcc.a
LOAD /home/phu_cuong/st/stm32cubeide_1.4.0/plugins/com.st.stm32cube.ide.mcu.externaltools.gnu-tools-for-stm32.7-2018-q2-update.linux64_1.4.0.202007081208/tools/bin/../lib/gcc/arm-none-eabi/7.3.1/../../../../arm-none-eabi/lib/thumb/v7-m/libc_nano.a
LOAD /home/phu_cuong/st/stm32cubeide_1.4.0/plugins/com.st.stm32cube.ide.mcu.externaltools.gnu-tools-for-stm32.7-2018-q2-update.linux64_1.4.0.202007081208/tools/bin/../lib/gcc/arm-none-eabi/7.3.1/../../../../arm-none-eabi/lib/thumb/v7-m/libnosys.a
END GROUP
START GROUP
LOAD /home/phu_cuong/st/stm32cubeide_1.4.0/plugins/com.st.stm32cube.ide.mcu.externaltools.gnu-tools-for-stm32.7-2018-q2-update.linux64_1.4.0.202007081208/tools/bin/../lib/gcc/arm-none-eabi/7.3.1/thumb/v7-m/libgcc.a
LOAD /home/phu_cuong/st/stm32cubeide_1.4.0/plugins/com.st.stm32cube.ide.mcu.externaltools.gnu-tools-for-stm32.7-2018-q2-update.linux64_1.4.0.202007081208/tools/bin/../lib/gcc/arm-none-eabi/7.3.1/../../../../arm-none-eabi/lib/thumb/v7-m/libc_nano.a
LOAD /home/phu_cuong/st/stm32cubeide_1.4.0/plugins/com.st.stm32cube.ide.mcu.externaltools.gnu-tools-for-stm32.7-2018-q2-update.linux64_1.4.0.202007081208/tools/bin/../lib/gcc/arm-none-eabi/7.3.1/../../../../arm-none-eabi/lib/thumb/v7-m/libnosys.a
END GROUP
LOAD /home/phu_cuong/st/stm32cubeide_1.4.0/plugins/com.st.stm32cube.ide.mcu.externaltools.gnu-tools-for-stm32.7-2018-q2-update.linux64_1.4.0.202007081208/tools/bin/../lib/gcc/arm-none-eabi/7.3.1/thumb/v7-m/crtend.o
LOAD /home/phu_cuong/st/stm32cubeide_1.4.0/plugins/com.st.stm32cube.ide.mcu.externaltools.gnu-tools-for-stm32.7-2018-q2-update.linux64_1.4.0.202007081208/tools/bin/../lib/gcc/arm-none-eabi/7.3.1/thumb/v7-m/crtn.o
                0x0000000020005000                _estack = (ORIGIN (RAM) + LENGTH (RAM))
                0x0000000000000200                _Min_Heap_Size = 0x200
                0x0000000000000400                _Min_Stack_Size = 0x400

.isr_vector     0x0000000008000000      0x10c
                0x0000000008000000                . = ALIGN (0x4)
 *(.isr_vector)
 .isr_vector    0x0000000008000000      0x10c Core/Startup/startup_stm32f103c8tx.o
                0x0000000008000000                g_pfnVectors
                0x000000000800010c                . = ALIGN (0x4)

.text           0x000000000800010c      0x178
                0x000000000800010c                . = ALIGN (0x4)
 *(.text)
 .text          0x000000000800010c       0x40 /home/phu_cuong/st/stm32cubeide_1.4.0/plugins/com.st.stm32cube.ide.mcu.externaltools.gnu-tools-for-stm32.7-2018-q2-update.linux64_1.4.0.202007081208/tools/bin/../lib/gcc/arm-none-eabi/7.3.1/thumb/v7-m/crtbegin.o
 *(.text*)
 .text.main     0x000000000800014c        0x6 Core/Src/main.o
                0x000000000800014c                main
 .text.NMI_Handler
                0x0000000008000152        0xc Core/Src/stm32f1xx_it.o
                0x0000000008000152                NMI_Handler
 .text.HardFault_Handler
                0x000000000800015e        0x6 Core/Src/stm32f1xx_it.o
                0x000000000800015e                HardFault_Handler
 .text.MemManage_Handler
                0x0000000008000164        0x6 Core/Src/stm32f1xx_it.o
                0x0000000008000164                MemManage_Handler
 .text.BusFault_Handler
                0x000000000800016a        0x6 Core/Src/stm32f1xx_it.o
                0x000000000800016a                BusFault_Handler
 .text.UsageFault_Handler
                0x0000000008000170        0x6 Core/Src/stm32f1xx_it.o
                0x0000000008000170                UsageFault_Handler
 .text.SVC_Handler
                0x0000000008000176        0xc Core/Src/stm32f1xx_it.o
                0x0000000008000176                SVC_Handler
 .text.DebugMon_Handler
                0x0000000008000182        0xc Core/Src/stm32f1xx_it.o
                0x0000000008000182                DebugMon_Handler
 .text.PendSV_Handler
                0x000000000800018e        0xc Core/Src/stm32f1xx_it.o
                0x000000000800018e                PendSV_Handler
 .text.SysTick_Handler
                0x000000000800019a        0xc Core/Src/stm32f1xx_it.o
                0x000000000800019a                SysTick_Handler
 .text.SystemInit
                0x00000000080001a6        0xc Core/Src/system_stm32f1xx.o
                0x00000000080001a6                SystemInit
 *fill*         0x00000000080001b2        0x2 
 .text.Reset_Handler
                0x00000000080001b4       0x48 Core/Startup/startup_stm32f103c8tx.o
                0x00000000080001b4                Reset_Handler
 .text.Default_Handler
                0x00000000080001fc        0x2 Core/Startup/startup_stm32f103c8tx.o
                0x00000000080001fc                RTC_Alarm_IRQHandler
                0x00000000080001fc                EXTI2_IRQHandler
                0x00000000080001fc                TIM1_CC_IRQHandler
                0x00000000080001fc                PVD_IRQHandler
                0x00000000080001fc                EXTI3_IRQHandler
                0x00000000080001fc                EXTI0_IRQHandler
                0x00000000080001fc                I2C2_EV_IRQHandler
                0x00000000080001fc                ADC1_2_IRQHandler
                0x00000000080001fc                SPI1_IRQHandler
                0x00000000080001fc                TAMPER_IRQHandler
                0x00000000080001fc                DMA1_Channel4_IRQHandler
                0x00000000080001fc                USART3_IRQHandler
                0x00000000080001fc                RTC_IRQHandler
                0x00000000080001fc                DMA1_Channel7_IRQHandler
                0x00000000080001fc                CAN1_RX1_IRQHandler
                0x00000000080001fc                TIM4_IRQHandler
                0x00000000080001fc                I2C1_EV_IRQHandler
                0x00000000080001fc                DMA1_Channel6_IRQHandler
                0x00000000080001fc                TIM3_IRQHandler
                0x00000000080001fc                RCC_IRQHandler
                0x00000000080001fc                TIM1_TRG_COM_IRQHandler
                0x00000000080001fc                DMA1_Channel1_IRQHandler
                0x00000000080001fc                Default_Handler
                0x00000000080001fc                EXTI15_10_IRQHandler
                0x00000000080001fc                EXTI9_5_IRQHandler
                0x00000000080001fc                SPI2_IRQHandler
                0x00000000080001fc                DMA1_Channel5_IRQHandler
                0x00000000080001fc                EXTI4_IRQHandler
                0x00000000080001fc                USB_LP_CAN1_RX0_IRQHandler
                0x00000000080001fc                USB_HP_CAN1_TX_IRQHandler
                0x00000000080001fc                DMA1_Channel3_IRQHandler
                0x00000000080001fc                TIM1_UP_IRQHandler
                0x00000000080001fc                WWDG_IRQHandler
                0x00000000080001fc                TIM2_IRQHandler
                0x00000000080001fc                TIM1_BRK_IRQHandler
                0x00000000080001fc                EXTI1_IRQHandler
                0x00000000080001fc                USART2_IRQHandler
                0x00000000080001fc                I2C2_ER_IRQHandler
                0x00000000080001fc                DMA1_Channel2_IRQHandler
                0x00000000080001fc                CAN1_SCE_IRQHandler
                0x00000000080001fc                FLASH_IRQHandler
                0x00000000080001fc                USART1_IRQHandler
                0x00000000080001fc                I2C1_ER_IRQHandler
                0x00000000080001fc                USBWakeUp_IRQHandler
 *fill*         0x00000000080001fe        0x2 
 .text.HAL_IncTick
                0x0000000008000200       0x24 Drivers/STM32F1xx_HAL_Driver/Src/stm32f1xx_hal.o
                0x0000000008000200                HAL_IncTick
 .text.__libc_init_array
                0x0000000008000224       0x48 /home/phu_cuong/st/stm32cubeide_1.4.0/plugins/com.st.stm32cube.ide.mcu.externaltools.gnu-tools-for-stm32.7-2018-q2-update.linux64_1.4.0.202007081208/tools/bin/../lib/gcc/arm-none-eabi/7.3.1/../../../../arm-none-eabi/lib/thumb/v7-m/libc_nano.a(lib_a-init.o)
                0x0000000008000224                __libc_init_array
 *(.glue_7)
 .glue_7        0x000000000800026c        0x0 linker stubs
 *(.glue_7t)
 .glue_7t       0x000000000800026c        0x0 linker stubs
 *(.eh_frame)
 .eh_frame      0x000000000800026c        0x0 /home/phu_cuong/st/stm32cubeide_1.4.0/plugins/com.st.stm32cube.ide.mcu.externaltools.gnu-tools-for-stm32.7-2018-q2-update.linux64_1.4.0.202007081208/tools/bin/../lib/gcc/arm-none-eabi/7.3.1/thumb/v7-m/crtbegin.o
 *(.init)
 .init          0x000000000800026c        0x4 /home/phu_cuong/st/stm32cubeide_1.4.0/plugins/com.st.stm32cube.ide.mcu.externaltools.gnu-tools-for-stm32.7-2018-q2-update.linux64_1.4.0.202007081208/tools/bin/../lib/gcc/arm-none-eabi/7.3.1/thumb/v7-m/crti.o
                0x000000000800026c                _init
 .init          0x0000000008000270        0x8 /home/phu_cuong/st/stm32cubeide_1.4.0/plugins/com.st.stm32cube.ide.mcu.externaltools.gnu-tools-for-stm32.7-2018-q2-update.linux64_1.4.0.202007081208/tools/bin/../lib/gcc/arm-none-eabi/7.3.1/thumb/v7-m/crtn.o
 *(.fini)
 .fini          0x0000000008000278        0x4 /home/phu_cuong/st/stm32cubeide_1.4.0/plugins/com.st.stm32cube.ide.mcu.externaltools.gnu-tools-for-stm32.7-2018-q2-update.linux64_1.4.0.202007081208/tools/bin/../lib/gcc/arm-none-eabi/7.3.1/thumb/v7-m/crti.o
                0x0000000008000278                _fini
 .fini          0x000000000800027c        0x8 /home/phu_cuong/st/stm32cubeide_1.4.0/plugins/com.st.stm32cube.ide.mcu.externaltools.gnu-tools-for-stm32.7-2018-q2-update.linux64_1.4.0.202007081208/tools/bin/../lib/gcc/arm-none-eabi/7.3.1/thumb/v7-m/crtn.o
                0x0000000008000284                . = ALIGN (0x4)
                0x0000000008000284                _etext = .

.vfp11_veneer   0x0000000008000284        0x0
 .vfp11_veneer  0x0000000008000284        0x0 linker stubs

.v4_bx          0x0000000008000284        0x0
 .v4_bx         0x0000000008000284        0x0 linker stubs

.iplt           0x0000000008000284        0x0
 .iplt          0x0000000008000284        0x0 /home/phu_cuong/st/stm32cubeide_1.4.0/plugins/com.st.stm32cube.ide.mcu.externaltools.gnu-tools-for-stm32.7-2018-q2-update.linux64_1.4.0.202007081208/tools/bin/../lib/gcc/arm-none-eabi/7.3.1/thumb/v7-m/crtbegin.o

.rel.dyn        0x0000000008000284        0x0
 .rel.iplt      0x0000000008000284        0x0 /home/phu_cuong/st/stm32cubeide_1.4.0/plugins/com.st.stm32cube.ide.mcu.externaltools.gnu-tools-for-stm32.7-2018-q2-update.linux64_1.4.0.202007081208/tools/bin/../lib/gcc/arm-none-eabi/7.3.1/thumb/v7-m/crtbegin.o

.rodata         0x0000000008000284        0x0
                0x0000000008000284                . = ALIGN (0x4)
 *(.rodata)
 *(.rodata*)
                0x0000000008000284                . = ALIGN (0x4)

.ARM.extab      0x0000000008000284        0x0
                0x0000000008000284                . = ALIGN (0x4)
 *(.ARM.extab* .gnu.linkonce.armextab.*)
                0x0000000008000284                . = ALIGN (0x4)

.ARM            0x0000000008000284        0x0
                0x0000000008000284                . = ALIGN (0x4)
                0x0000000008000284                __exidx_start = .
 *(.ARM.exidx*)
                0x0000000008000284                __exidx_end = .
                0x0000000008000284                . = ALIGN (0x4)

.preinit_array  0x0000000008000284        0x0
                0x0000000008000284                . = ALIGN (0x4)
                0x0000000008000284                PROVIDE (__preinit_array_start = .)
 *(.preinit_array*)
                0x0000000008000284                PROVIDE (__preinit_array_end = .)
                0x0000000008000284                . = ALIGN (0x4)

.init_array     0x0000000008000284        0x4
                0x0000000008000284                . = ALIGN (0x4)
                0x0000000008000284                PROVIDE (__init_array_start = .)
 *(SORT_BY_NAME(.init_array.*))
 *(.init_array*)
 .init_array    0x0000000008000284        0x4 /home/phu_cuong/st/stm32cubeide_1.4.0/plugins/com.st.stm32cube.ide.mcu.externaltools.gnu-tools-for-stm32.7-2018-q2-update.linux64_1.4.0.202007081208/tools/bin/../lib/gcc/arm-none-eabi/7.3.1/thumb/v7-m/crtbegin.o
                0x0000000008000288                PROVIDE (__init_array_end = .)
                0x0000000008000288                . = ALIGN (0x4)

.fini_array     0x0000000008000288        0x4
                0x0000000008000288                . = ALIGN (0x4)
                [!provide]                        PROVIDE (__fini_array_start = .)
 *(SORT_BY_NAME(.fini_array.*))
 *(.fini_array*)
 .fini_array    0x0000000008000288        0x4 /home/phu_cuong/st/stm32cubeide_1.4.0/plugins/com.st.stm32cube.ide.mcu.externaltools.gnu-tools-for-stm32.7-2018-q2-update.linux64_1.4.0.202007081208/tools/bin/../lib/gcc/arm-none-eabi/7.3.1/thumb/v7-m/crtbegin.o
                [!provide]                        PROVIDE (__fini_array_end = .)
                0x000000000800028c                . = ALIGN (0x4)
                0x000000000800028c                _sidata = LOADADDR (.data)

.data           0x0000000020000000        0x4 load address 0x000000000800028c
                0x0000000020000000                . = ALIGN (0x4)
                0x0000000020000000                _sdata = .
 *(.data)
 *(.data*)
 .data.uwTickFreq
                0x0000000020000000        0x1 Drivers/STM32F1xx_HAL_Driver/Src/stm32f1xx_hal.o
                0x0000000020000000                uwTickFreq
                0x0000000020000004                . = ALIGN (0x4)
 *fill*         0x0000000020000001        0x3 
                0x0000000020000004                _edata = .

.igot.plt       0x0000000020000004        0x0 load address 0x0000000008000290
 .igot.plt      0x0000000020000004        0x0 /home/phu_cuong/st/stm32cubeide_1.4.0/plugins/com.st.stm32cube.ide.mcu.externaltools.gnu-tools-for-stm32.7-2018-q2-update.linux64_1.4.0.202007081208/tools/bin/../lib/gcc/arm-none-eabi/7.3.1/thumb/v7-m/crtbegin.o
                0x0000000020000004                . = ALIGN (0x4)

.bss            0x0000000020000004       0x20 load address 0x0000000008000290
                0x0000000020000004                _sbss = .
                0x0000000020000004                __bss_start__ = _sbss
 *(.bss)
 .bss           0x0000000020000004       0x1c /home/phu_cuong/st/stm32cubeide_1.4.0/plugins/com.st.stm32cube.ide.mcu.externaltools.gnu-tools-for-stm32.7-2018-q2-update.linux64_1.4.0.202007081208/tools/bin/../lib/gcc/arm-none-eabi/7.3.1/thumb/v7-m/crtbegin.o
 *(.bss*)
 *(COMMON)
 COMMON         0x0000000020000020        0x4 Drivers/STM32F1xx_HAL_Driver/Src/stm32f1xx_hal.o
                0x0000000020000020                uwTick
                0x0000000020000024                . = ALIGN (0x4)
                0x0000000020000024                _ebss = .
                0x0000000020000024                __bss_end__ = _ebss

._user_heap_stack
                0x0000000020000024      0x604 load address 0x0000000008000290
                0x0000000020000028                . = ALIGN (0x8)
 *fill*         0x0000000020000024        0x4 
                [!provide]                        PROVIDE (end = .)
                0x0000000020000028                PROVIDE (_end = .)
                0x0000000020000228                . = (. + _Min_Heap_Size)
 *fill*         0x0000000020000028      0x200 
                0x0000000020000628                . = (. + _Min_Stack_Size)
 *fill*         0x0000000020000228      0x400 
                0x0000000020000628                . = ALIGN (0x8)

/DISCARD/
 libc.a(*)
 libm.a(*)
 libgcc.a(*)

.ARM.attributes
                0x0000000000000000       0x29
 *(.ARM.attributes)
 .ARM.attributes
                0x0000000000000000       0x1d /home/phu_cuong/st/stm32cubeide_1.4.0/plugins/com.st.stm32cube.ide.mcu.externaltools.gnu-tools-for-stm32.7-2018-q2-update.linux64_1.4.0.202007081208/tools/bin/../lib/gcc/arm-none-eabi/7.3.1/thumb/v7-m/crti.o
 .ARM.attributes
                0x000000000000001d       0x2d /home/phu_cuong/st/stm32cubeide_1.4.0/plugins/com.st.stm32cube.ide.mcu.externaltools.gnu-tools-for-stm32.7-2018-q2-update.linux64_1.4.0.202007081208/tools/bin/../lib/gcc/arm-none-eabi/7.3.1/thumb/v7-m/crtbegin.o
 .ARM.attributes
                0x000000000000004a       0x33 Core/Src/main.o
 .ARM.attributes
                0x000000000000007d       0x33 Core/Src/stm32f1xx_it.o
 .ARM.attributes
                0x00000000000000b0       0x33 Core/Src/system_stm32f1xx.o
 .ARM.attributes
                0x00000000000000e3       0x21 Core/Startup/startup_stm32f103c8tx.o
 .ARM.attributes
                0x0000000000000104       0x33 Drivers/STM32F1xx_HAL_Driver/Src/stm32f1xx_hal.o
 .ARM.attributes
                0x0000000000000137       0x2d /home/phu_cuong/st/stm32cubeide_1.4.0/plugins/com.st.stm32cube.ide.mcu.externaltools.gnu-tools-for-stm32.7-2018-q2-update.linux64_1.4.0.202007081208/tools/bin/../lib/gcc/arm-none-eabi/7.3.1/../../../../arm-none-eabi/lib/thumb/v7-m/libc_nano.a(lib_a-init.o)
 .ARM.attributes
                0x0000000000000164       0x1d /home/phu_cuong/st/stm32cubeide_1.4.0/plugins/com.st.stm32cube.ide.mcu.externaltools.gnu-tools-for-stm32.7-2018-q2-update.linux64_1.4.0.202007081208/tools/bin/../lib/gcc/arm-none-eabi/7.3.1/thumb/v7-m/crtn.o
OUTPUT(Uart.elf elf32-littlearm)

.debug_info     0x0000000000000000      0xd60
 .debug_info    0x0000000000000000      0x186 Core/Src/main.o
 .debug_info    0x0000000000000186      0x20a Core/Src/stm32f1xx_it.o
 .debug_info    0x0000000000000390      0x29a Core/Src/system_stm32f1xx.o
 .debug_info    0x000000000000062a       0x22 Core/Startup/startup_stm32f103c8tx.o
 .debug_info    0x000000000000064c      0x714 Drivers/STM32F1xx_HAL_Driver/Src/stm32f1xx_hal.o

.debug_abbrev   0x0000000000000000      0x483
 .debug_abbrev  0x0000000000000000       0xb0 Core/Src/main.o
 .debug_abbrev  0x00000000000000b0       0xc6 Core/Src/stm32f1xx_it.o
 .debug_abbrev  0x0000000000000176      0x134 Core/Src/system_stm32f1xx.o
 .debug_abbrev  0x00000000000002aa       0x12 Core/Startup/startup_stm32f103c8tx.o
 .debug_abbrev  0x00000000000002bc      0x1c7 Drivers/STM32F1xx_HAL_Driver/Src/stm32f1xx_hal.o

.debug_aranges  0x0000000000000000      0x1b0
 .debug_aranges
                0x0000000000000000       0x20 Core/Src/main.o
 .debug_aranges
                0x0000000000000020       0x60 Core/Src/stm32f1xx_it.o
 .debug_aranges
                0x0000000000000080       0x28 Core/Src/system_stm32f1xx.o
 .debug_aranges
                0x00000000000000a8       0x28 Core/Startup/startup_stm32f103c8tx.o
 .debug_aranges
                0x00000000000000d0       0xe0 Drivers/STM32F1xx_HAL_Driver/Src/stm32f1xx_hal.o

.debug_ranges   0x0000000000000000      0x168
 .debug_ranges  0x0000000000000000       0x10 Core/Src/main.o
 .debug_ranges  0x0000000000000010       0x50 Core/Src/stm32f1xx_it.o
 .debug_ranges  0x0000000000000060       0x18 Core/Src/system_stm32f1xx.o
 .debug_ranges  0x0000000000000078       0x20 Core/Startup/startup_stm32f103c8tx.o
 .debug_ranges  0x0000000000000098       0xd0 Drivers/STM32F1xx_HAL_Driver/Src/stm32f1xx_hal.o

.debug_macro    0x0000000000000000    0x151b5
 .debug_macro   0x0000000000000000      0x184 Core/Src/main.o
 .debug_macro   0x0000000000000184      0xa5a Core/Src/main.o
 .debug_macro   0x0000000000000bde       0x2e Core/Src/main.o
 .debug_macro   0x0000000000000c0c       0x22 Core/Src/main.o
 .debug_macro   0x0000000000000c2e       0x22 Core/Src/main.o
 .debug_macro   0x0000000000000c50       0x8e Core/Src/main.o
 .debug_macro   0x0000000000000cde       0x51 Core/Src/main.o
 .debug_macro   0x0000000000000d2f       0xef Core/Src/main.o
 .debug_macro   0x0000000000000e1e       0x6a Core/Src/main.o
 .debug_macro   0x0000000000000e88      0x1df Core/Src/main.o
 .debug_macro   0x0000000000001067       0x1c Core/Src/main.o
 .debug_macro   0x0000000000001083       0x22 Core/Src/main.o
 .debug_macro   0x00000000000010a5       0xc3 Core/Src/main.o
 .debug_macro   0x0000000000001168      0xd23 Core/Src/main.o
 .debug_macro   0x0000000000001e8b     0xe097 Core/Src/main.o
 .debug_macro   0x000000000000ff22       0x43 Core/Src/main.o
 .debug_macro   0x000000000000ff65      0x20f Core/Src/main.o
 .debug_macro   0x0000000000010174     0x3468 Core/Src/main.o
 .debug_macro   0x00000000000135dc      0x174 Core/Src/main.o
 .debug_macro   0x0000000000013750       0x5c Core/Src/main.o
 .debug_macro   0x00000000000137ac      0x5be Core/Src/main.o
 .debug_macro   0x0000000000013d6a      0x289 Core/Src/main.o
 .debug_macro   0x0000000000013ff3      0x1cb Core/Src/main.o
 .debug_macro   0x00000000000141be      0x114 Core/Src/main.o
 .debug_macro   0x00000000000142d2      0x1b2 Core/Src/main.o
 .debug_macro   0x0000000000014484       0x27 Core/Src/main.o
 .debug_macro   0x00000000000144ab      0x136 Core/Src/main.o
 .debug_macro   0x00000000000145e1      0x1bc Core/Src/main.o
 .debug_macro   0x000000000001479d       0x34 Core/Src/main.o
 .debug_macro   0x00000000000147d1       0x3c Core/Src/main.o
 .debug_macro   0x000000000001480d       0x57 Core/Src/main.o
 .debug_macro   0x0000000000014864       0x88 Core/Src/main.o
 .debug_macro   0x00000000000148ec      0x241 Core/Src/main.o
 .debug_macro   0x0000000000014b2d      0x141 Core/Src/main.o
 .debug_macro   0x0000000000014c6e       0x83 Core/Src/main.o
 .debug_macro   0x0000000000014cf1      0x198 Core/Src/stm32f1xx_it.o
 .debug_macro   0x0000000000014e89      0x184 Core/Src/system_stm32f1xx.o
 .debug_macro   0x000000000001500d      0x1a8 Drivers/STM32F1xx_HAL_Driver/Src/stm32f1xx_hal.o

.debug_line     0x0000000000000000     0x1beb
 .debug_line    0x0000000000000000      0x61e Core/Src/main.o
 .debug_line    0x000000000000061e      0x6da Core/Src/stm32f1xx_it.o
 .debug_line    0x0000000000000cf8      0x65e Core/Src/system_stm32f1xx.o
 .debug_line    0x0000000000001356       0x84 Core/Startup/startup_stm32f103c8tx.o
 .debug_line    0x00000000000013da      0x811 Drivers/STM32F1xx_HAL_Driver/Src/stm32f1xx_hal.o

.debug_str      0x0000000000000000    0x7aa7b
 .debug_str     0x0000000000000000    0x7a34c Core/Src/main.o
                                      0x7a67a (size before relaxing)
 .debug_str     0x000000000007a34c       0xc7 Core/Src/stm32f1xx_it.o
                                      0x7a729 (size before relaxing)
 .debug_str     0x000000000007a413       0x91 Core/Src/system_stm32f1xx.o
                                      0x7a6f9 (size before relaxing)
 .debug_str     0x000000000007a4a4       0x36 Core/Startup/startup_stm32f103c8tx.o
                                         0x60 (size before relaxing)
 .debug_str     0x000000000007a4da      0x5a1 Drivers/STM32F1xx_HAL_Driver/Src/stm32f1xx_hal.o
                                      0x7ad8a (size before relaxing)

.comment        0x0000000000000000       0x7b
 .comment       0x0000000000000000       0x7b Core/Src/main.o
                                         0x7c (size before relaxing)
 .comment       0x000000000000007b       0x7c Core/Src/stm32f1xx_it.o
 .comment       0x000000000000007b       0x7c Core/Src/system_stm32f1xx.o
 .comment       0x000000000000007b       0x7c Drivers/STM32F1xx_HAL_Driver/Src/stm32f1xx_hal.o

.debug_frame    0x0000000000000000      0x4ec
 .debug_frame   0x0000000000000000       0x28 Core/Src/main.o
 .debug_frame   0x0000000000000028      0x10c Core/Src/stm32f1xx_it.o
 .debug_frame   0x0000000000000134       0x58 Core/Src/system_stm32f1xx.o
 .debug_frame   0x000000000000018c      0x334 Drivers/STM32F1xx_HAL_Driver/Src/stm32f1xx_hal.o
 .debug_frame   0x00000000000004c0       0x2c /home/phu_cuong/st/stm32cubeide_1.4.0/plugins/com.st.stm32cube.ide.mcu.externaltools.gnu-tools-for-stm32.7-2018-q2-update.linux64_1.4.0.202007081208/tools/bin/../lib/gcc/arm-none-eabi/7.3.1/../../../../arm-none-eabi/lib/thumb/v7-m/libc_nano.a(lib_a-init.o)
